Startpoint: _29376_ (rising edge-triggered flip-flop clocked by clk)
Endpoint: _29376_ (rising edge-triggered flip-flop clocked by clk)
Path Group: clk
Path Type: min

Fanout     Cap    Slew   Delay    Time   Description
-----------------------------------------------------------------------------
                  0.00    0.00    0.00   clock clk (rise edge)
                          0.00    0.00   clock network delay (ideal)
                  0.00    0.00    0.00 ^ _29376_/CLK (sky130_fd_sc_hd__dfxtp_1)
                  0.01    0.16    0.16 ^ _29376_/Q (sky130_fd_sc_hd__dfxtp_1)
     2    0.00                           cpuregs[0][29] (net)
                  0.01    0.00    0.16 ^ _17856_/A (sky130_fd_sc_hd__clkbuf_1)
                  0.03    0.04    0.20 ^ _17856_/X (sky130_fd_sc_hd__clkbuf_1)
     1    0.00                           _02864_ (net)
                  0.03    0.00    0.20 ^ _29376_/D (sky130_fd_sc_hd__dfxtp_1)
                                  0.20   data arrival time

                  0.00    0.00    0.00   clock clk (rise edge)
                          0.00    0.00   clock network delay (ideal)
                          0.00    0.00   clock reconvergence pessimism
                                  0.00 ^ _29376_/CLK (sky130_fd_sc_hd__dfxtp_1)
                         -0.02   -0.02   library hold time
                                 -0.02   data required time
-----------------------------------------------------------------------------
                                 -0.02   data required time
                                 -0.20   data arrival time
-----------------------------------------------------------------------------
                                  0.22   slack (MET)


Startpoint: _29052_ (rising edge-triggered flip-flop clocked by clk)
Endpoint: _30440_ (rising edge-triggered flip-flop clocked by clk)
Path Group: clk
Path Type: max

Fanout     Cap    Slew   Delay    Time   Description
-----------------------------------------------------------------------------
                  0.00    0.00    0.00   clock clk (rise edge)
                          0.00    0.00   clock network delay (ideal)
                  0.00    0.00    0.00 ^ _29052_/CLK (sky130_fd_sc_hd__dfxtp_2)
                  0.11    0.64    0.64 v _29052_/Q (sky130_fd_sc_hd__dfxtp_2)
     4    0.02                           irq_pending[3] (net)
                  0.11    0.00    0.64 v _14460_/A (sky130_vsdinv)
                  0.18    0.19    0.83 ^ _14460_/Y (sky130_vsdinv)
     3    0.01                           _11622_ (net)
                  0.18    0.00    0.83 ^ _14461_/B2 (sky130_fd_sc_hd__o22ai_1)
                  0.13    0.19    1.02 v _14461_/Y (sky130_fd_sc_hd__o22ai_1)
     1    0.00                           _11623_ (net)
                  0.13    0.00    1.02 v _14462_/C1 (sky130_fd_sc_hd__a221o_1)
                  0.12    0.54    1.56 v _14462_/X (sky130_fd_sc_hd__a221o_1)
     1    0.01                           _11624_ (net)
                  0.12    0.00    1.56 v _14481_/A (sky130_fd_sc_hd__or4_4)
                  0.15    1.06    2.62 v _14481_/X (sky130_fd_sc_hd__or4_4)
     1    0.00                           _11643_ (net)
                  0.15    0.00    2.62 v _14509_/A1 (sky130_fd_sc_hd__o2111a_1)
                  0.14    0.53    3.15 v _14509_/X (sky130_fd_sc_hd__o2111a_1)
     2    0.01                           _11671_ (net)
                  0.14    0.00    3.15 v _14510_/C (sky130_fd_sc_hd__or3_4)
                  0.15    0.72    3.87 v _14510_/X (sky130_fd_sc_hd__or3_4)
     4    0.01                           _11672_ (net)
                  0.15    0.00    3.87 v _14513_/A (sky130_fd_sc_hd__or2_1)
                  0.07    0.48    4.35 v _14513_/X (sky130_fd_sc_hd__or2_1)
     2    0.00                           _11674_ (net)
                  0.07    0.00    4.35 v _14514_/C (sky130_fd_sc_hd__or3_4)
                  0.19    0.77    5.12 v _14514_/X (sky130_fd_sc_hd__or3_4)
     4    0.03                           _11675_ (net)
                  0.19    0.00    5.12 v _15166_/B (sky130_fd_sc_hd__or2_1)
                  0.12    0.53    5.65 v _15166_/X (sky130_fd_sc_hd__or2_1)
     2    0.00                           _12148_ (net)
                  0.12    0.00    5.65 v _15167_/C (sky130_fd_sc_hd__or3_1)
                  0.16    0.76    6.41 v _15167_/X (sky130_fd_sc_hd__or3_1)
     2    0.00                           _12149_ (net)
                  0.16    0.00    6.41 v _15168_/B (sky130_fd_sc_hd__or2_2)
                  0.09    0.61    7.03 v _15168_/X (sky130_fd_sc_hd__or2_2)
     3    0.00                           _12150_ (net)
                  0.09    0.00    7.03 v _15169_/B (sky130_fd_sc_hd__or2_1)
                  0.12    0.49    7.51 v _15169_/X (sky130_fd_sc_hd__or2_1)
     2    0.00                           _12151_ (net)
                  0.12    0.00    7.51 v _15170_/B (sky130_fd_sc_hd__or2_2)
                  0.11    0.63    8.14 v _15170_/X (sky130_fd_sc_hd__or2_2)
     3    0.00                           _12152_ (net)
                  0.11    0.00    8.14 v _15171_/B (sky130_fd_sc_hd__or2_1)
                  0.12    0.50    8.65 v _15171_/X (sky130_fd_sc_hd__or2_1)
     2    0.00                           _12153_ (net)
                  0.12    0.00    8.65 v _15172_/B (sky130_fd_sc_hd__or2_2)
                  0.14    0.69    9.34 v _15172_/X (sky130_fd_sc_hd__or2_2)
     3    0.01                           _12154_ (net)
                  0.14    0.00    9.34 v _15173_/B (sky130_fd_sc_hd__or2_1)
                  0.12    0.51    9.85 v _15173_/X (sky130_fd_sc_hd__or2_1)
     2    0.00                           _12155_ (net)
                  0.12    0.00    9.85 v _15174_/B (sky130_fd_sc_hd__or2_1)
                  0.14    0.53   10.38 v _15174_/X (sky130_fd_sc_hd__or2_1)
     3    0.01                           _12156_ (net)
                  0.14    0.00   10.38 v _15175_/B (sky130_fd_sc_hd__or2_1)
                  0.12    0.51   10.88 v _15175_/X (sky130_fd_sc_hd__or2_1)
     2    0.00                           _12157_ (net)
                  0.12    0.00   10.88 v _15176_/B (sky130_fd_sc_hd__or2_1)
                  0.15    0.54   11.43 v _15176_/X (sky130_fd_sc_hd__or2_1)
     3    0.01                           _12158_ (net)
                  0.15    0.00   11.43 v _15177_/B (sky130_fd_sc_hd__or2_1)
                  0.09    0.48   11.90 v _15177_/X (sky130_fd_sc_hd__or2_1)
     2    0.00                           _12159_ (net)
                  0.09    0.00   11.90 v _15178_/B (sky130_fd_sc_hd__or2_2)
                  0.16    0.70   12.60 v _15178_/X (sky130_fd_sc_hd__or2_2)
     3    0.01                           _12160_ (net)
                  0.16    0.00   12.60 v _15179_/B (sky130_fd_sc_hd__or2_1)
                  0.07    0.45   13.05 v _15179_/X (sky130_fd_sc_hd__or2_1)
     2    0.00                           _12161_ (net)
                  0.07    0.00   13.05 v _15180_/B (sky130_fd_sc_hd__or2_2)
                  0.15    0.68   13.73 v _15180_/X (sky130_fd_sc_hd__or2_2)
     3    0.01                           _12162_ (net)
                  0.15    0.00   13.73 v _15181_/B (sky130_fd_sc_hd__or2_1)
                  0.12    0.52   14.25 v _15181_/X (sky130_fd_sc_hd__or2_1)
     2    0.01                           _12163_ (net)
                  0.12    0.00   14.25 v _15182_/B (sky130_fd_sc_hd__or2_1)
                  0.16    0.55   14.80 v _15182_/X (sky130_fd_sc_hd__or2_1)
     3    0.01                           _12164_ (net)
                  0.16    0.00   14.80 v _15183_/B (sky130_fd_sc_hd__or2_1)
                  0.09    0.48   15.28 v _15183_/X (sky130_fd_sc_hd__or2_1)
     2    0.00                           _12165_ (net)
                  0.09    0.00   15.28 v _15184_/B (sky130_fd_sc_hd__or2_2)
                  0.14    0.68   15.96 v _15184_/X (sky130_fd_sc_hd__or2_2)
     3    0.01                           _12166_ (net)
                  0.14    0.00   15.96 v _15185_/B (sky130_fd_sc_hd__or2_1)
                  0.12    0.52   16.48 v _15185_/X (sky130_fd_sc_hd__or2_1)
     2    0.01                           _12167_ (net)
                  0.12    0.00   16.48 v _15186_/B (sky130_fd_sc_hd__or2_2)
                  0.15    0.70   17.18 v _15186_/X (sky130_fd_sc_hd__or2_2)
     3    0.01                           _12168_ (net)
                  0.15    0.00   17.18 v _15187_/B (sky130_fd_sc_hd__or2_1)
                  0.12    0.53   17.70 v _15187_/X (sky130_fd_sc_hd__or2_1)
     2    0.01                           _12169_ (net)
                  0.12    0.00   17.70 v _15188_/B (sky130_fd_sc_hd__or2_2)
                  0.15    0.71   18.41 v _15188_/X (sky130_fd_sc_hd__or2_2)
     3    0.01                           _12170_ (net)
                  0.15    0.00   18.41 v _15189_/B (sky130_fd_sc_hd__or2_1)
                  0.09    0.48   18.89 v _15189_/X (sky130_fd_sc_hd__or2_1)
     2    0.00                           _12171_ (net)
                  0.09    0.00   18.89 v _15190_/B (sky130_fd_sc_hd__or2_1)
                  0.16    0.54   19.43 v _15190_/X (sky130_fd_sc_hd__or2_1)
     3    0.01                           _12172_ (net)
                  0.16    0.00   19.43 v _15191_/B (sky130_fd_sc_hd__or2_1)
                  0.11    0.51   19.95 v _15191_/X (sky130_fd_sc_hd__or2_1)
     2    0.00                           _12173_ (net)
                  0.11    0.00   19.95 v _15192_/B (sky130_fd_sc_hd__or2_2)
                  0.14    0.69   20.63 v _15192_/X (sky130_fd_sc_hd__or2_2)
     3    0.01                           _12174_ (net)
                  0.14    0.00   20.63 v _15193_/B (sky130_fd_sc_hd__or2_1)
                  0.09    0.47   21.11 v _15193_/X (sky130_fd_sc_hd__or2_1)
     2    0.00                           _12175_ (net)
                  0.09    0.00   21.11 v _15194_/B (sky130_fd_sc_hd__or2_1)
                  0.10    0.47   21.57 v _15194_/X (sky130_fd_sc_hd__or2_1)
     3    0.00                           _12176_ (net)
                  0.10    0.00   21.57 v _15195_/B (sky130_fd_sc_hd__or2_1)
                  0.11    0.49   22.07 v _15195_/X (sky130_fd_sc_hd__or2_1)
     2    0.00                           _12177_ (net)
                  0.11    0.00   22.07 v _15196_/B (sky130_fd_sc_hd__or2_2)
                  0.13    0.67   22.74 v _15196_/X (sky130_fd_sc_hd__or2_2)
     3    0.01                           _12178_ (net)
                  0.13    0.00   22.74 v _15197_/B (sky130_fd_sc_hd__or2_1)
                  0.12    0.51   23.25 v _15197_/X (sky130_fd_sc_hd__or2_1)
     2    0.00                           _12179_ (net)
                  0.12    0.00   23.25 v _15198_/B (sky130_fd_sc_hd__or2_2)
                  0.15    0.69   23.94 v _15198_/X (sky130_fd_sc_hd__or2_2)
     3    0.01                           _12180_ (net)
                  0.15    0.00   23.94 v _15199_/B (sky130_fd_sc_hd__or2_1)
                  0.07    0.45   24.39 v _15199_/X (sky130_fd_sc_hd__or2_1)
     2    0.00                           _12181_ (net)
                  0.07    0.00   24.39 v _15200_/B (sky130_fd_sc_hd__or2_2)
                  0.11    0.62   25.00 v _15200_/X (sky130_fd_sc_hd__or2_2)
     3    0.00                           _12182_ (net)
                  0.11    0.00   25.00 v _15201_/B (sky130_fd_sc_hd__or2_1)
                  0.09    0.46   25.46 v _15201_/X (sky130_fd_sc_hd__or2_1)
     2    0.00                           _12183_ (net)
                  0.09    0.00   25.46 v _15202_/B (sky130_fd_sc_hd__or2_2)
                  0.15    0.68   26.14 v _15202_/X (sky130_fd_sc_hd__or2_2)
     3    0.01                           _12184_ (net)
                  0.15    0.00   26.14 v _15203_/B (sky130_fd_sc_hd__or2_1)
                  0.09    0.47   26.61 v _15203_/X (sky130_fd_sc_hd__or2_1)
     2    0.00                           _12185_ (net)
                  0.09    0.00   26.61 v _15204_/B (sky130_fd_sc_hd__or2_1)
                  0.13    0.50   27.12 v _15204_/X (sky130_fd_sc_hd__or2_1)
     3    0.01                           _12186_ (net)
                  0.13    0.00   27.12 v _15205_/B (sky130_fd_sc_hd__or2_1)
                  0.12    0.51   27.62 v _15205_/X (sky130_fd_sc_hd__or2_1)
     2    0.00                           _12187_ (net)
                  0.12    0.00   27.62 v _15206_/B (sky130_fd_sc_hd__or2_1)
                  0.15    0.54   28.16 v _15206_/X (sky130_fd_sc_hd__or2_1)
     3    0.01                           _12188_ (net)
                  0.15    0.00   28.16 v _15207_/B (sky130_fd_sc_hd__or2_1)
                  0.10    0.49   28.65 v _15207_/X (sky130_fd_sc_hd__or2_1)
     2    0.00                           _12189_ (net)
                  0.10    0.00   28.65 v _15208_/B (sky130_fd_sc_hd__or2_2)
                  0.14    0.68   29.33 v _15208_/X (sky130_fd_sc_hd__or2_2)
     3    0.01                           _12190_ (net)
                  0.14    0.00   29.33 v _15209_/B (sky130_fd_sc_hd__or2_1)
                  0.12    0.52   29.84 v _15209_/X (sky130_fd_sc_hd__or2_1)
     2    0.01                           _12191_ (net)
                  0.12    0.00   29.84 v _15210_/B (sky130_fd_sc_hd__or2_2)
                  0.15    0.70   30.55 v _15210_/X (sky130_fd_sc_hd__or2_2)
     3    0.01                           _12192_ (net)
                  0.15    0.00   30.55 v _15211_/B (sky130_fd_sc_hd__or2_1)
                  0.12    0.51   31.06 v _15211_/X (sky130_fd_sc_hd__or2_1)
     2    0.00                           _12193_ (net)
                  0.12    0.00   31.06 v _15212_/B (sky130_fd_sc_hd__or2_1)
                  0.12    0.51   31.57 v _15212_/X (sky130_fd_sc_hd__or2_1)
     3    0.00                           _12194_ (net)
                  0.12    0.00   31.57 v _15213_/B (sky130_fd_sc_hd__or2_1)
                  0.12    0.50   32.07 v _15213_/X (sky130_fd_sc_hd__or2_1)
     2    0.00                           _12195_ (net)
                  0.12    0.00   32.07 v _15214_/B (sky130_fd_sc_hd__or2_1)
                  0.16    0.55   32.62 v _15214_/X (sky130_fd_sc_hd__or2_1)
     3    0.01                           _12196_ (net)
                  0.16    0.00   32.62 v _15215_/B (sky130_fd_sc_hd__or2_1)
                  0.12    0.52   33.13 v _15215_/X (sky130_fd_sc_hd__or2_1)
     2    0.00                           _12197_ (net)
                  0.12    0.00   33.13 v _15216_/B (sky130_fd_sc_hd__or2_2)
                  0.14    0.69   33.83 v _15216_/X (sky130_fd_sc_hd__or2_2)
     3    0.01                           _12198_ (net)
                  0.14    0.00   33.83 v _15217_/B (sky130_fd_sc_hd__or2_1)
                  0.12    0.52   34.34 v _15217_/X (sky130_fd_sc_hd__or2_1)
     2    0.01                           _12199_ (net)
                  0.12    0.00   34.34 v _15218_/B (sky130_fd_sc_hd__or2_1)
                  0.16    0.55   34.89 v _15218_/X (sky130_fd_sc_hd__or2_1)
     3    0.01                           _12200_ (net)
                  0.16    0.00   34.89 v _15219_/B (sky130_fd_sc_hd__or2_1)
                  0.12    0.52   35.41 v _15219_/X (sky130_fd_sc_hd__or2_1)
     2    0.00                           _12201_ (net)
                  0.12    0.00   35.41 v _15220_/B (sky130_fd_sc_hd__or2_2)
                  0.11    0.64   36.04 v _15220_/X (sky130_fd_sc_hd__or2_2)
     3    0.00                           _12202_ (net)
                  0.11    0.00   36.04 v _15221_/B (sky130_fd_sc_hd__or2_1)
                  0.11    0.49   36.54 v _15221_/X (sky130_fd_sc_hd__or2_1)
     2    0.00                           _12203_ (net)
                  0.11    0.00   36.54 v _15222_/B (sky130_fd_sc_hd__or2_2)
                  0.15    0.69   37.23 v _15222_/X (sky130_fd_sc_hd__or2_2)
     3    0.01                           _12204_ (net)
                  0.15    0.00   37.23 v _15223_/B (sky130_fd_sc_hd__or2_1)
                  0.10    0.49   37.72 v _15223_/X (sky130_fd_sc_hd__or2_1)
     2    0.00                           _12205_ (net)
                  0.10    0.00   37.72 v _15224_/B (sky130_fd_sc_hd__or2_2)
                  0.16    0.70   38.42 v _15224_/X (sky130_fd_sc_hd__or2_2)
     3    0.01                           _12206_ (net)
                  0.16    0.00   38.42 v _15225_/B (sky130_fd_sc_hd__or2_1)
                  0.12    0.52   38.95 v _15225_/X (sky130_fd_sc_hd__or2_1)
     2    0.01                           _12207_ (net)
                  0.12    0.00   38.95 v _15226_/B (sky130_fd_sc_hd__or2_2)
                  0.13    0.68   39.62 v _15226_/X (sky130_fd_sc_hd__or2_2)
     3    0.01                           _12208_ (net)
                  0.13    0.00   39.62 v _15227_/B (sky130_fd_sc_hd__or2_1)
                  0.10    0.48   40.10 v _15227_/X (sky130_fd_sc_hd__or2_1)
     2    0.00                           _12209_ (net)
                  0.10    0.00   40.10 v _15230_/B2 (sky130_fd_sc_hd__o221a_1)
                  0.09    0.40   40.50 v _15230_/X (sky130_fd_sc_hd__o221a_1)
     1    0.00                           _03928_ (net)
                  0.09    0.00   40.50 v _30440_/D (sky130_fd_sc_hd__dfxtp_1)
                                 40.50   data arrival time

                  0.00   24.73   24.73   clock clk (rise edge)
                          0.00   24.73   clock network delay (ideal)
                          0.00   24.73   clock reconvergence pessimism
                                 24.73 ^ _30440_/CLK (sky130_fd_sc_hd__dfxtp_1)
                         -0.30   24.43   library setup time
                                 24.43   data required time
-----------------------------------------------------------------------------
                                 24.43   data required time
                                -40.50   data arrival time
-----------------------------------------------------------------------------
                                -16.07   slack (VIOLATED)


